MPLINK 4.49, Linker
Linker Map File - Created Thu Aug 21 12:58:39 2014

                                 Section Info
                  Section       Type    Address   Location Size(Bytes)
                ---------  ---------  ---------  ---------  ---------
      SISD_ResetVectorSec       code   0x000000    program   0x000004
        SISD_IntVectorSec       code   0x000008    program   0x000004
          SISD_IntCodeSec       code   0x000028    program   0x000032
             SISD_CodeSec       code   0x00005a    program   0x000034
             SRTX_CodeSec       code   0x00008e    program   0x0000d4
             SLCD_CodeSec       code   0x000162    program   0x000160
             SI2C_CodeSec       code   0x0002c2    program   0x000150
             SUSR_CodeSec       code   0x000412    program   0x0000ae
             STRC_CodeSec       code   0x0004c0    program   0x000040
            SI2C_TableSec       code   0x000700    program   0x000028
            ULCD_TableSec       code   0x000800    program   0x00007a
            UI2C_TableSec       code   0x00087a    program   0x000010
                   .cinit    romdata   0x00088a    program   0x000002
             SM16_CodeSec       code   0x00088c    program   0x000044
             ULCD_CodeSec       code   0x000900    program   0x00007a
             UI2C_CodeSec       code   0x00097a    program   0x00008e
             UADC_CodeSec       code   0x000a08    program   0x00008a
             UAPP_CodeSec       code   0x000a92    program   0x00004e
             SBCD_CodeSec       code   0x001000    program   0x000110
         SISD_UdataShrSec      udata   0x000000       data   0x000006
            SRTX_UdataSec      udata   0x000080       data   0x000009
            SUSR_UdataSec      udata   0x000089       data   0x000001
            SLCD_UdataSec      udata   0x00008a       data   0x000026
            SI2C_UdataSec      udata   0x0000b0       data   0x000012
            UAPP_UdataSec      udata   0x000100       data   0x000001
            UADC_UdataSec      udata   0x000101       data   0x000007
            ULCD_UdataSec      udata   0x000108       data   0x00000a
            UI2C_UdataSec      udata   0x000112       data   0x000002
            SM16_UdataSec      udata   0x000200       data   0x000013
            STRC_UdataSec      udata   0x000300       data   0x000083



                              Program Memory Usage 
                               Start         End      
                           ---------   ---------      
                            0x000000    0x000003      
                            0x000008    0x00000b      
                            0x000028    0x0004ff      
                            0x000700    0x000727      
                            0x000800    0x0008cf      
                            0x000900    0x000adf      
                            0x001000    0x00110f      
            2248 out of 32770 program addresses used, program memory utilization is 6%



                              Symbols - Sorted by Name
                     Name    Address   Location    Storage File                     
                ---------  ---------  ---------  --------- ---------                
         SI2C_AckNackDone   0x0003e4    program     static C:\Users\Stephen\Documents\SW Projects\TinyRTX PIC18F452\si2c.asm
SI2C_AckNackDone_ReceiveEnable   0x0003f2    program     static C:\Users\Stephen\Documents\SW Projects\TinyRTX PIC18F452\si2c.asm
             SI2C_MsgDone   0x000346    program     static C:\Users\Stephen\Documents\SW Projects\TinyRTX PIC18F452\si2c.asm
           SI2C_Msg_Write   0x0003fa    program     extern C:\Users\Stephen\Documents\SW Projects\TinyRTX PIC18F452\si2c.asm
          SI2C_Msg_Wrt_Rd   0x000406    program     extern C:\Users\Stephen\Documents\SW Projects\TinyRTX PIC18F452\si2c.asm
            SI2C_ReadData   0x0003b8    program     static C:\Users\Stephen\Documents\SW Projects\TinyRTX PIC18F452\si2c.asm
       SI2C_ReadData_Exit   0x0003e0    program     static C:\Users\Stephen\Documents\SW Projects\TinyRTX PIC18F452\si2c.asm
    SI2C_ReadData_SendAck   0x0003dc    program     static C:\Users\Stephen\Documents\SW Projects\TinyRTX PIC18F452\si2c.asm
   SI2C_ReadData_SendNack   0x0003d6    program     static C:\Users\Stephen\Documents\SW Projects\TinyRTX PIC18F452\si2c.asm
       SI2C_ReceiveEnable   0x000306    program     static C:\Users\Stephen\Documents\SW Projects\TinyRTX PIC18F452\si2c.asm
 SI2C_ReceiveEnable_AckOK   0x00031a    program     static C:\Users\Stephen\Documents\SW Projects\TinyRTX PIC18F452\si2c.asm
       SI2C_RestartEnable   0x0002e6    program     static C:\Users\Stephen\Documents\SW Projects\TinyRTX PIC18F452\si2c.asm
 SI2C_RestartEnable_AckOK   0x0002fa    program     static C:\Users\Stephen\Documents\SW Projects\TinyRTX PIC18F452\si2c.asm
        SI2C_SendReadAddr   0x00036a    program     static C:\Users\Stephen\Documents\SW Projects\TinyRTX PIC18F452\si2c.asm
       SI2C_SendWriteAddr   0x000352    program     static C:\Users\Stephen\Documents\SW Projects\TinyRTX PIC18F452\si2c.asm
       SI2C_SlaveAckError   0x0002c2    program     static C:\Users\Stephen\Documents\SW Projects\TinyRTX PIC18F452\si2c.asm
         SI2C_StartEnable   0x0002d2    program     static C:\Users\Stephen\Documents\SW Projects\TinyRTX PIC18F452\si2c.asm
          SI2C_StopEnable   0x000326    program     static C:\Users\Stephen\Documents\SW Projects\TinyRTX PIC18F452\si2c.asm
    SI2C_StopEnable_AckOK   0x00033a    program     static C:\Users\Stephen\Documents\SW Projects\TinyRTX PIC18F452\si2c.asm
         SI2C_Tbl_HwState   0x000700    program     extern C:\Users\Stephen\Documents\SW Projects\TinyRTX PIC18F452\si2c.asm
           SI2C_WriteData   0x000382    program     static C:\Users\Stephen\Documents\SW Projects\TinyRTX PIC18F452\si2c.asm
     SI2C_WriteData_AckOK   0x000396    program     static C:\Users\Stephen\Documents\SW Projects\TinyRTX PIC18F452\si2c.asm
  SI2C_WriteData_SendByte   0x0003b2    program     static C:\Users\Stephen\Documents\SW Projects\TinyRTX PIC18F452\si2c.asm
            SISD_Director   0x00005a    program     static C:\Users\Stephen\Documents\SW Projects\TinyRTX PIC18F452\sisd.asm
   SISD_Director_CheckADC   0x00006c    program     static C:\Users\Stephen\Documents\SW Projects\TinyRTX PIC18F452\sisd.asm
   SISD_Director_CheckI2C   0x000080    program     static C:\Users\Stephen\Documents\SW Projects\TinyRTX PIC18F452\sisd.asm
       SISD_Director_Exit   0x00008c    program     static C:\Users\Stephen\Documents\SW Projects\TinyRTX PIC18F452\sisd.asm
           SISD_Interrupt   0x000028    program     static C:\Users\Stephen\Documents\SW Projects\TinyRTX PIC18F452\sisd.asm
      SISD_InterruptEntry   0x000008    program     static C:\Users\Stephen\Documents\SW Projects\TinyRTX PIC18F452\sisd.asm
       SISD_InterruptExit   0x000040    program     static C:\Users\Stephen\Documents\SW Projects\TinyRTX PIC18F452\sisd.asm
          SISD_ResetEntry   0x000000    program     static C:\Users\Stephen\Documents\SW Projects\TinyRTX PIC18F452\sisd.asm
             SLCD_ChkBusy   0x000162    program     static C:\Users\Stephen\Documents\SW Projects\TinyRTX PIC18F452\slcd.asm
             SLCD_Delay16   0x0001fa    program     static C:\Users\Stephen\Documents\SW Projects\TinyRTX PIC18F452\slcd.asm
        SLCD_Delay16_Loop   0x000200    program     static C:\Users\Stephen\Documents\SW Projects\TinyRTX PIC18F452\slcd.asm
              SLCD_Delay8   0x0001f0    program     static C:\Users\Stephen\Documents\SW Projects\TinyRTX PIC18F452\slcd.asm
         SLCD_Delay8_Loop   0x0001f4    program     static C:\Users\Stephen\Documents\SW Projects\TinyRTX PIC18F452\slcd.asm
                SLCD_Init   0x00020a    program     extern C:\Users\Stephen\Documents\SW Projects\TinyRTX PIC18F452\slcd.asm
        SLCD_RefreshLine1   0x00027a    program     extern C:\Users\Stephen\Documents\SW Projects\TinyRTX PIC18F452\slcd.asm
        SLCD_RefreshLine2   0x00029e    program     extern C:\Users\Stephen\Documents\SW Projects\TinyRTX PIC18F452\slcd.asm
        SLCD_RefreshLoop1   0x000290    program     static C:\Users\Stephen\Documents\SW Projects\TinyRTX PIC18F452\slcd.asm
        SLCD_RefreshLoop2   0x0002b4    program     static C:\Users\Stephen\Documents\SW Projects\TinyRTX PIC18F452\slcd.asm
           SLCD_WriteByte   0x0001a4    program     static C:\Users\Stephen\Documents\SW Projects\TinyRTX PIC18F452\slcd.asm
         SLCD_WriteNibble   0x0001b4    program     static C:\Users\Stephen\Documents\SW Projects\TinyRTX PIC18F452\slcd.asm
        SLCD_WriteNibble1   0x0001cc    program     static C:\Users\Stephen\Documents\SW Projects\TinyRTX PIC18F452\slcd.asm
      SLCD_WriteNibbleCmd   0x0001c8    program     static C:\Users\Stephen\Documents\SW Projects\TinyRTX PIC18F452\slcd.asm
     SLCD_WriteNibbleData   0x0001c2    program     static C:\Users\Stephen\Documents\SW Projects\TinyRTX PIC18F452\slcd.asm
              SM16_16x16U   0x00088c    program     extern C:\Users\Stephen\Documents\SW Projects\TinyRTX PIC18F452\sm16.asm
    SRTX_ComputedBraRCall   0x000140    program     extern C:\Users\Stephen\Documents\SW Projects\TinyRTX PIC18F452\srtx.asm
    SRTX_ComputedGotoCall   0x000150    program     extern C:\Users\Stephen\Documents\SW Projects\TinyRTX PIC18F452\srtx.asm
          SRTX_Dispatcher   0x0000e6    program     static C:\Users\Stephen\Documents\SW Projects\TinyRTX PIC18F452\srtx.asm
   SRTX_Dispatcher_Check1   0x0000fc    program     static C:\Users\Stephen\Documents\SW Projects\TinyRTX PIC18F452\srtx.asm
   SRTX_Dispatcher_Check2   0x000112    program     static C:\Users\Stephen\Documents\SW Projects\TinyRTX PIC18F452\srtx.asm
   SRTX_Dispatcher_Check3   0x000128    program     static C:\Users\Stephen\Documents\SW Projects\TinyRTX PIC18F452\srtx.asm
 SRTX_Dispatcher_CheckADC   0x0000e6    program     static C:\Users\Stephen\Documents\SW Projects\TinyRTX PIC18F452\srtx.asm
   SRTX_Dispatcher_CheckX   0x00013e    program     static C:\Users\Stephen\Documents\SW Projects\TinyRTX PIC18F452\srtx.asm
                SRTX_Init   0x00008e    program     extern C:\Users\Stephen\Documents\SW Projects\TinyRTX PIC18F452\srtx.asm
           SRTX_Scheduler   0x0000b8    program     extern C:\Users\Stephen\Documents\SW Projects\TinyRTX PIC18F452\srtx.asm
    SRTX_Scheduler_Check2   0x0000c8    program     static C:\Users\Stephen\Documents\SW Projects\TinyRTX PIC18F452\srtx.asm
    SRTX_Scheduler_Check3   0x0000d6    program     static C:\Users\Stephen\Documents\SW Projects\TinyRTX PIC18F452\srtx.asm
      SRTX_Scheduler_Exit   0x0000e4    program     static C:\Users\Stephen\Documents\SW Projects\TinyRTX PIC18F452\srtx.asm
                STRC_Init   0x0004c0    program     extern C:\Users\Stephen\Documents\SW Projects\TinyRTX PIC18F452\strc.asm
            STRC_InitLoop   0x0004d2    program     static C:\Users\Stephen\Documents\SW Projects\TinyRTX PIC18F452\strc.asm
               STRC_Trace   0x0004dc    program     extern C:\Users\Stephen\Documents\SW Projects\TinyRTX PIC18F452\strc.asm
           STRC_TraceExit   0x0004f6    program     static C:\Users\Stephen\Documents\SW Projects\TinyRTX PIC18F452\strc.asm
           STRC_TraceFull   0x0004f0    program     static C:\Users\Stephen\Documents\SW Projects\TinyRTX PIC18F452\strc.asm
          SUSR_POR_PhaseA   0x000412    program     extern C:\Users\Stephen\Documents\SW Projects\TinyRTX PIC18F452\susr.asm
          SUSR_POR_PhaseB   0x000416    program     extern C:\Users\Stephen\Documents\SW Projects\TinyRTX PIC18F452\susr.asm
               SUSR_Task1   0x000444    program     extern C:\Users\Stephen\Documents\SW Projects\TinyRTX PIC18F452\susr.asm
               SUSR_Task2   0x00045c    program     extern C:\Users\Stephen\Documents\SW Projects\TinyRTX PIC18F452\susr.asm
               SUSR_Task3   0x000478    program     extern C:\Users\Stephen\Documents\SW Projects\TinyRTX PIC18F452\susr.asm
             SUSR_TaskADC   0x000490    program     extern C:\Users\Stephen\Documents\SW Projects\TinyRTX PIC18F452\susr.asm
             SUSR_TaskI2C   0x0004aa    program     extern C:\Users\Stephen\Documents\SW Projects\TinyRTX PIC18F452\susr.asm
     SUSR_TaskI2C_MsgDone   0x0004bc    program     extern C:\Users\Stephen\Documents\SW Projects\TinyRTX PIC18F452\susr.asm
            SUSR_Timebase   0x00042c    program     extern C:\Users\Stephen\Documents\SW Projects\TinyRTX PIC18F452\susr.asm
                UADC_Init   0x000a08    program     extern C:\Users\Stephen\Documents\SW Projects\TinyRTX PIC18F452\uadc.asm
          UADC_RawToASCII   0x000a2e    program     extern C:\Users\Stephen\Documents\SW Projects\TinyRTX PIC18F452\uadc.asm
     UADC_SetupDelay_Loop   0x000a20    program     static C:\Users\Stephen\Documents\SW Projects\TinyRTX PIC18F452\uadc.asm
             UADC_Trigger   0x000a1a    program     extern C:\Users\Stephen\Documents\SW Projects\TinyRTX PIC18F452\uadc.asm
            UAPP_POR_Init   0x000a92    program     extern C:\Users\Stephen\Documents\SW Projects\TinyRTX PIC18F452\uapp.asm
                UI2C_Init   0x00097a    program     extern C:\Users\Stephen\Documents\SW Projects\TinyRTX PIC18F452\ui2c.asm
             UI2C_MsgDone   0x00098e    program     extern C:\Users\Stephen\Documents\SW Projects\TinyRTX PIC18F452\ui2c.asm
             UI2C_MsgTC74   0x000994    program     extern C:\Users\Stephen\Documents\SW Projects\TinyRTX PIC18F452\ui2c.asm
  UI2C_MsgTC74CheckStatus   0x0009b2    program     static C:\Users\Stephen\Documents\SW Projects\TinyRTX PIC18F452\ui2c.asm
UI2C_MsgTC74CheckStatusExit   0x0009c6    program     static C:\Users\Stephen\Documents\SW Projects\TinyRTX PIC18F452\ui2c.asm
UI2C_MsgTC74CheckStatusFailed   0x0009bc    program     static C:\Users\Stephen\Documents\SW Projects\TinyRTX PIC18F452\ui2c.asm
UI2C_MsgTC74CheckStatusPassed   0x0009c2    program     static C:\Users\Stephen\Documents\SW Projects\TinyRTX PIC18F452\ui2c.asm
  UI2C_MsgTC74ProcessData   0x0009d8    program     static C:\Users\Stephen\Documents\SW Projects\TinyRTX PIC18F452\ui2c.asm
     UI2C_MsgTC74ReadData   0x0009c8    program     static C:\Users\Stephen\Documents\SW Projects\TinyRTX PIC18F452\ui2c.asm
   UI2C_MsgTC74ReadStatus   0x0009a2    program     static C:\Users\Stephen\Documents\SW Projects\TinyRTX PIC18F452\ui2c.asm
        UI2C_Tbl_MsgState   0x00087a    program     static C:\Users\Stephen\Documents\SW Projects\TinyRTX PIC18F452\ui2c.asm
                ULCD_Init   0x000900    program     extern C:\Users\Stephen\Documents\SW Projects\TinyRTX PIC18F452\ulcd.asm
        ULCD_RefreshLine1   0x000908    program     extern C:\Users\Stephen\Documents\SW Projects\TinyRTX PIC18F452\ulcd.asm
    ULCD_RefreshLine1Exit   0x000932    program     static C:\Users\Stephen\Documents\SW Projects\TinyRTX PIC18F452\ulcd.asm
    ULCD_RefreshLine1Loop   0x00091a    program     static C:\Users\Stephen\Documents\SW Projects\TinyRTX PIC18F452\ulcd.asm
        ULCD_RefreshLine2   0x000934    program     extern C:\Users\Stephen\Documents\SW Projects\TinyRTX PIC18F452\ulcd.asm
               ULCD_Table   0x00081a    program     static C:\Users\Stephen\Documents\SW Projects\TinyRTX PIC18F452\ulcd.asm
         ULCD_TableLookup   0x000800    program     static C:\Users\Stephen\Documents\SW Projects\TinyRTX PIC18F452\ulcd.asm
                 bcd2a3p0   0x0010f6    program     extern C:\Users\Stephen\Documents\SW Projects\TinyRTX PIC18F452\sbcd.asm
                 bcd2a5p3   0x0010c8    program     extern C:\Users\Stephen\Documents\SW Projects\TinyRTX PIC18F452\sbcd.asm
                 e2bcd16u   0x001000    program     extern C:\Users\Stephen\Documents\SW Projects\TinyRTX PIC18F452\sbcd.asm
      e2bcd16u_Digit2Done   0x001092    program     static C:\Users\Stephen\Documents\SW Projects\TinyRTX PIC18F452\sbcd.asm
      e2bcd16u_Digit2Loop   0x001086    program     static C:\Users\Stephen\Documents\SW Projects\TinyRTX PIC18F452\sbcd.asm
      e2bcd16u_Digit3Done   0x001076    program     static C:\Users\Stephen\Documents\SW Projects\TinyRTX PIC18F452\sbcd.asm
      e2bcd16u_Digit3Loop   0x001062    program     static C:\Users\Stephen\Documents\SW Projects\TinyRTX PIC18F452\sbcd.asm
      e2bcd16u_Digit4Done   0x00104c    program     static C:\Users\Stephen\Documents\SW Projects\TinyRTX PIC18F452\sbcd.asm
      e2bcd16u_Digit4Loop   0x001038    program     static C:\Users\Stephen\Documents\SW Projects\TinyRTX PIC18F452\sbcd.asm
      e2bcd16u_Digit5Done   0x001024    program     static C:\Users\Stephen\Documents\SW Projects\TinyRTX PIC18F452\sbcd.asm
      e2bcd16u_Digit5Loop   0x001010    program     static C:\Users\Stephen\Documents\SW Projects\TinyRTX PIC18F452\sbcd.asm
                  e2bcd8u   0x00109e    program     extern C:\Users\Stephen\Documents\SW Projects\TinyRTX PIC18F452\sbcd.asm
       e2bcd8u_Digit2Done   0x0010be    program     static C:\Users\Stephen\Documents\SW Projects\TinyRTX PIC18F452\sbcd.asm
       e2bcd8u_Digit2Loop   0x0010b4    program     static C:\Users\Stephen\Documents\SW Projects\TinyRTX PIC18F452\sbcd.asm
       e2bcd8u_Digit3Done   0x0010b0    program     static C:\Users\Stephen\Documents\SW Projects\TinyRTX PIC18F452\sbcd.asm
       e2bcd8u_Digit3Loop   0x0010a6    program     static C:\Users\Stephen\Documents\SW Projects\TinyRTX PIC18F452\sbcd.asm
                     AARG   0x000208       data     extern C:\Users\Stephen\Documents\SW Projects\TinyRTX PIC18F452\sm16.asm
                   AARGB0   0x000207       data     extern C:\Users\Stephen\Documents\SW Projects\TinyRTX PIC18F452\sm16.asm
                   AARGB1   0x000206       data     extern C:\Users\Stephen\Documents\SW Projects\TinyRTX PIC18F452\sm16.asm
                   AARGB2   0x000205       data     extern C:\Users\Stephen\Documents\SW Projects\TinyRTX PIC18F452\sm16.asm
                   AARGB3   0x000204       data     extern C:\Users\Stephen\Documents\SW Projects\TinyRTX PIC18F452\sm16.asm
                   AARGB4   0x000203       data     extern C:\Users\Stephen\Documents\SW Projects\TinyRTX PIC18F452\sm16.asm
                   AARGB5   0x000202       data     extern C:\Users\Stephen\Documents\SW Projects\TinyRTX PIC18F452\sm16.asm
                   AARGB6   0x000201       data     extern C:\Users\Stephen\Documents\SW Projects\TinyRTX PIC18F452\sm16.asm
                   AARGB7   0x000200       data     extern C:\Users\Stephen\Documents\SW Projects\TinyRTX PIC18F452\sm16.asm
                     BARG   0x00020d       data     extern C:\Users\Stephen\Documents\SW Projects\TinyRTX PIC18F452\sm16.asm
                   BARGB0   0x00020c       data     extern C:\Users\Stephen\Documents\SW Projects\TinyRTX PIC18F452\sm16.asm
                   BARGB1   0x00020b       data     extern C:\Users\Stephen\Documents\SW Projects\TinyRTX PIC18F452\sm16.asm
                   BARGB2   0x00020a       data     extern C:\Users\Stephen\Documents\SW Projects\TinyRTX PIC18F452\sm16.asm
                   BARGB3   0x000209       data     extern C:\Users\Stephen\Documents\SW Projects\TinyRTX PIC18F452\sm16.asm
           SI2C_AddrSlave   0x0000b3       data     extern C:\Users\Stephen\Documents\SW Projects\TinyRTX PIC18F452\si2c.asm
       SI2C_DataByteRcv00   0x0000be       data     extern C:\Users\Stephen\Documents\SW Projects\TinyRTX PIC18F452\si2c.asm
       SI2C_DataByteRcv01   0x0000bf       data     extern C:\Users\Stephen\Documents\SW Projects\TinyRTX PIC18F452\si2c.asm
       SI2C_DataByteRcv02   0x0000c0       data     extern C:\Users\Stephen\Documents\SW Projects\TinyRTX PIC18F452\si2c.asm
       SI2C_DataByteRcv03   0x0000c1       data     extern C:\Users\Stephen\Documents\SW Projects\TinyRTX PIC18F452\si2c.asm
       SI2C_DataByteXmt00   0x0000b7       data     extern C:\Users\Stephen\Documents\SW Projects\TinyRTX PIC18F452\si2c.asm
       SI2C_DataByteXmt01   0x0000b8       data     extern C:\Users\Stephen\Documents\SW Projects\TinyRTX PIC18F452\si2c.asm
       SI2C_DataByteXmt02   0x0000b9       data     extern C:\Users\Stephen\Documents\SW Projects\TinyRTX PIC18F452\si2c.asm
       SI2C_DataByteXmt03   0x0000ba       data     extern C:\Users\Stephen\Documents\SW Projects\TinyRTX PIC18F452\si2c.asm
          SI2C_DataCntRcv   0x0000bb       data     extern C:\Users\Stephen\Documents\SW Projects\TinyRTX PIC18F452\si2c.asm
          SI2C_DataCntXmt   0x0000b4       data     extern C:\Users\Stephen\Documents\SW Projects\TinyRTX PIC18F452\si2c.asm
         SI2C_DataPtrRcvH   0x0000bc       data     static C:\Users\Stephen\Documents\SW Projects\TinyRTX PIC18F452\si2c.asm
         SI2C_DataPtrRcvL   0x0000bd       data     static C:\Users\Stephen\Documents\SW Projects\TinyRTX PIC18F452\si2c.asm
         SI2C_DataPtrXmtH   0x0000b5       data     static C:\Users\Stephen\Documents\SW Projects\TinyRTX PIC18F452\si2c.asm
         SI2C_DataPtrXmtL   0x0000b6       data     static C:\Users\Stephen\Documents\SW Projects\TinyRTX PIC18F452\si2c.asm
               SI2C_Flags   0x0000b2       data     extern C:\Users\Stephen\Documents\SW Projects\TinyRTX PIC18F452\si2c.asm
             SI2C_HwState   0x0000b0       data     static C:\Users\Stephen\Documents\SW Projects\TinyRTX PIC18F452\si2c.asm
        SI2C_HwStateError   0x0000b1       data     static C:\Users\Stephen\Documents\SW Projects\TinyRTX PIC18F452\si2c.asm
           SISD_TempFSR0H   0x000004       data     static C:\Users\Stephen\Documents\SW Projects\TinyRTX PIC18F452\sisd.asm
           SISD_TempFSR0L   0x000005       data     static C:\Users\Stephen\Documents\SW Projects\TinyRTX PIC18F452\sisd.asm
          SISD_TempPCLATH   0x000002       data     static C:\Users\Stephen\Documents\SW Projects\TinyRTX PIC18F452\sisd.asm
          SISD_TempPCLATU   0x000003       data     static C:\Users\Stephen\Documents\SW Projects\TinyRTX PIC18F452\sisd.asm
          SISD_TempSTATUS   0x000001       data     static C:\Users\Stephen\Documents\SW Projects\TinyRTX PIC18F452\sisd.asm
               SISD_TempW   0x000000       data     static C:\Users\Stephen\Documents\SW Projects\TinyRTX PIC18F452\sisd.asm
         SLCD_BufferLine1   0x00008a       data     extern C:\Users\Stephen\Documents\SW Projects\TinyRTX PIC18F452\slcd.asm
         SLCD_BufferLine2   0x00009a       data     extern C:\Users\Stephen\Documents\SW Projects\TinyRTX PIC18F452\slcd.asm
         SLCD_DataByteRcv   0x0000aa       data     static C:\Users\Stephen\Documents\SW Projects\TinyRTX PIC18F452\slcd.asm
        SLCD_DataByteXmit   0x0000ab       data     static C:\Users\Stephen\Documents\SW Projects\TinyRTX PIC18F452\slcd.asm
         SLCD_DataXmitCnt   0x0000ac       data     static C:\Users\Stephen\Documents\SW Projects\TinyRTX PIC18F452\slcd.asm
         SLCD_DelayCnt8Hi   0x0000ad       data     static C:\Users\Stephen\Documents\SW Projects\TinyRTX PIC18F452\slcd.asm
         SLCD_DelayCnt8Lo   0x0000ae       data     static C:\Users\Stephen\Documents\SW Projects\TinyRTX PIC18F452\slcd.asm
            SLCD_IctlFlag   0x0000af       data     static C:\Users\Stephen\Documents\SW Projects\TinyRTX PIC18F452\slcd.asm
     SRTX_Sched_Cnt_Task1   0x000083       data     static C:\Users\Stephen\Documents\SW Projects\TinyRTX PIC18F452\srtx.asm
     SRTX_Sched_Cnt_Task2   0x000084       data     static C:\Users\Stephen\Documents\SW Projects\TinyRTX PIC18F452\srtx.asm
     SRTX_Sched_Cnt_Task3   0x000085       data     static C:\Users\Stephen\Documents\SW Projects\TinyRTX PIC18F452\srtx.asm
   SRTX_Sched_Cnt_TaskADC   0x000086       data     extern C:\Users\Stephen\Documents\SW Projects\TinyRTX PIC18F452\srtx.asm
   SRTX_Sched_Cnt_TaskI2C   0x000087       data     extern C:\Users\Stephen\Documents\SW Projects\TinyRTX PIC18F452\srtx.asm
          SRTX_TempRotate   0x000088       data     static C:\Users\Stephen\Documents\SW Projects\TinyRTX PIC18F452\srtx.asm
     SRTX_Timer_Cnt_Task1   0x000080       data     static C:\Users\Stephen\Documents\SW Projects\TinyRTX PIC18F452\srtx.asm
     SRTX_Timer_Cnt_Task2   0x000081       data     static C:\Users\Stephen\Documents\SW Projects\TinyRTX PIC18F452\srtx.asm
     SRTX_Timer_Cnt_Task3   0x000082       data     static C:\Users\Stephen\Documents\SW Projects\TinyRTX PIC18F452\srtx.asm
              STRC_Buffer   0x000300       data     static C:\Users\Stephen\Documents\SW Projects\TinyRTX PIC18F452\strc.asm
                 STRC_Idx   0x000380       data     static C:\Users\Stephen\Documents\SW Projects\TinyRTX PIC18F452\strc.asm
                STRC_PtrH   0x000381       data     static C:\Users\Stephen\Documents\SW Projects\TinyRTX PIC18F452\strc.asm
                STRC_PtrL   0x000382       data     static C:\Users\Stephen\Documents\SW Projects\TinyRTX PIC18F452\strc.asm
                SUSR_Temp   0x000089       data     static C:\Users\Stephen\Documents\SW Projects\TinyRTX PIC18F452\susr.asm
                     TEMP   0x000212       data     extern C:\Users\Stephen\Documents\SW Projects\TinyRTX PIC18F452\sm16.asm
                   TEMPB0   0x000211       data     extern C:\Users\Stephen\Documents\SW Projects\TinyRTX PIC18F452\sm16.asm
                   TEMPB1   0x000210       data     extern C:\Users\Stephen\Documents\SW Projects\TinyRTX PIC18F452\sm16.asm
                   TEMPB2   0x00020f       data     extern C:\Users\Stephen\Documents\SW Projects\TinyRTX PIC18F452\sm16.asm
                   TEMPB3   0x00020e       data     extern C:\Users\Stephen\Documents\SW Projects\TinyRTX PIC18F452\sm16.asm
         UADC_ADCON0_Temp   0x000103       data     static C:\Users\Stephen\Documents\SW Projects\TinyRTX PIC18F452\uadc.asm
             UADC_Channel   0x000102       data     static C:\Users\Stephen\Documents\SW Projects\TinyRTX PIC18F452\uadc.asm
          UADC_DelayTimer   0x000101       data     static C:\Users\Stephen\Documents\SW Projects\TinyRTX PIC18F452\uadc.asm
         UADC_ResultRawHi   0x000104       data     static C:\Users\Stephen\Documents\SW Projects\TinyRTX PIC18F452\uadc.asm
         UADC_ResultRawLo   0x000105       data     static C:\Users\Stephen\Documents\SW Projects\TinyRTX PIC18F452\uadc.asm
      UADC_ResultScaledHi   0x000106       data     static C:\Users\Stephen\Documents\SW Projects\TinyRTX PIC18F452\uadc.asm
      UADC_ResultScaledLo   0x000107       data     static C:\Users\Stephen\Documents\SW Projects\TinyRTX PIC18F452\uadc.asm
                UAPP_Temp   0x000100       data     static C:\Users\Stephen\Documents\SW Projects\TinyRTX PIC18F452\uapp.asm
            UI2C_MsgState   0x000112       data     extern C:\Users\Stephen\Documents\SW Projects\TinyRTX PIC18F452\ui2c.asm
            UI2C_TC74Data   0x000113       data     static C:\Users\Stephen\Documents\SW Projects\TinyRTX PIC18F452\ui2c.asm
         ULCD_DataXferCnt   0x000108       data     static C:\Users\Stephen\Documents\SW Projects\TinyRTX PIC18F452\ulcd.asm
         ULCD_PositionIdx   0x000109       data     static C:\Users\Stephen\Documents\SW Projects\TinyRTX PIC18F452\ulcd.asm
          ULCD_TempAscii0   0x00010f       data     extern C:\Users\Stephen\Documents\SW Projects\TinyRTX PIC18F452\ulcd.asm
          ULCD_TempAscii1   0x000110       data     static C:\Users\Stephen\Documents\SW Projects\TinyRTX PIC18F452\ulcd.asm
          ULCD_TempAscii2   0x000111       data     static C:\Users\Stephen\Documents\SW Projects\TinyRTX PIC18F452\ulcd.asm
          ULCD_VoltAscii0   0x00010a       data     extern C:\Users\Stephen\Documents\SW Projects\TinyRTX PIC18F452\ulcd.asm
          ULCD_VoltAscii1   0x00010b       data     static C:\Users\Stephen\Documents\SW Projects\TinyRTX PIC18F452\ulcd.asm
          ULCD_VoltAscii2   0x00010c       data     static C:\Users\Stephen\Documents\SW Projects\TinyRTX PIC18F452\ulcd.asm
          ULCD_VoltAscii3   0x00010d       data     static C:\Users\Stephen\Documents\SW Projects\TinyRTX PIC18F452\ulcd.asm
          ULCD_VoltAscii4   0x00010e       data     static C:\Users\Stephen\Documents\SW Projects\TinyRTX PIC18F452\ulcd.asm



                              Symbols - Sorted by Address
                     Name    Address   Location    Storage File                     
                ---------  ---------  ---------  --------- ---------                
          SISD_ResetEntry   0x000000    program     static C:\Users\Stephen\Documents\SW Projects\TinyRTX PIC18F452\sisd.asm
      SISD_InterruptEntry   0x000008    program     static C:\Users\Stephen\Documents\SW Projects\TinyRTX PIC18F452\sisd.asm
           SISD_Interrupt   0x000028    program     static C:\Users\Stephen\Documents\SW Projects\TinyRTX PIC18F452\sisd.asm
       SISD_InterruptExit   0x000040    program     static C:\Users\Stephen\Documents\SW Projects\TinyRTX PIC18F452\sisd.asm
            SISD_Director   0x00005a    program     static C:\Users\Stephen\Documents\SW Projects\TinyRTX PIC18F452\sisd.asm
   SISD_Director_CheckADC   0x00006c    program     static C:\Users\Stephen\Documents\SW Projects\TinyRTX PIC18F452\sisd.asm
   SISD_Director_CheckI2C   0x000080    program     static C:\Users\Stephen\Documents\SW Projects\TinyRTX PIC18F452\sisd.asm
       SISD_Director_Exit   0x00008c    program     static C:\Users\Stephen\Documents\SW Projects\TinyRTX PIC18F452\sisd.asm
                SRTX_Init   0x00008e    program     extern C:\Users\Stephen\Documents\SW Projects\TinyRTX PIC18F452\srtx.asm
           SRTX_Scheduler   0x0000b8    program     extern C:\Users\Stephen\Documents\SW Projects\TinyRTX PIC18F452\srtx.asm
    SRTX_Scheduler_Check2   0x0000c8    program     static C:\Users\Stephen\Documents\SW Projects\TinyRTX PIC18F452\srtx.asm
    SRTX_Scheduler_Check3   0x0000d6    program     static C:\Users\Stephen\Documents\SW Projects\TinyRTX PIC18F452\srtx.asm
      SRTX_Scheduler_Exit   0x0000e4    program     static C:\Users\Stephen\Documents\SW Projects\TinyRTX PIC18F452\srtx.asm
          SRTX_Dispatcher   0x0000e6    program     static C:\Users\Stephen\Documents\SW Projects\TinyRTX PIC18F452\srtx.asm
 SRTX_Dispatcher_CheckADC   0x0000e6    program     static C:\Users\Stephen\Documents\SW Projects\TinyRTX PIC18F452\srtx.asm
   SRTX_Dispatcher_Check1   0x0000fc    program     static C:\Users\Stephen\Documents\SW Projects\TinyRTX PIC18F452\srtx.asm
   SRTX_Dispatcher_Check2   0x000112    program     static C:\Users\Stephen\Documents\SW Projects\TinyRTX PIC18F452\srtx.asm
   SRTX_Dispatcher_Check3   0x000128    program     static C:\Users\Stephen\Documents\SW Projects\TinyRTX PIC18F452\srtx.asm
   SRTX_Dispatcher_CheckX   0x00013e    program     static C:\Users\Stephen\Documents\SW Projects\TinyRTX PIC18F452\srtx.asm
    SRTX_ComputedBraRCall   0x000140    program     extern C:\Users\Stephen\Documents\SW Projects\TinyRTX PIC18F452\srtx.asm
    SRTX_ComputedGotoCall   0x000150    program     extern C:\Users\Stephen\Documents\SW Projects\TinyRTX PIC18F452\srtx.asm
             SLCD_ChkBusy   0x000162    program     static C:\Users\Stephen\Documents\SW Projects\TinyRTX PIC18F452\slcd.asm
           SLCD_WriteByte   0x0001a4    program     static C:\Users\Stephen\Documents\SW Projects\TinyRTX PIC18F452\slcd.asm
         SLCD_WriteNibble   0x0001b4    program     static C:\Users\Stephen\Documents\SW Projects\TinyRTX PIC18F452\slcd.asm
     SLCD_WriteNibbleData   0x0001c2    program     static C:\Users\Stephen\Documents\SW Projects\TinyRTX PIC18F452\slcd.asm
      SLCD_WriteNibbleCmd   0x0001c8    program     static C:\Users\Stephen\Documents\SW Projects\TinyRTX PIC18F452\slcd.asm
        SLCD_WriteNibble1   0x0001cc    program     static C:\Users\Stephen\Documents\SW Projects\TinyRTX PIC18F452\slcd.asm
              SLCD_Delay8   0x0001f0    program     static C:\Users\Stephen\Documents\SW Projects\TinyRTX PIC18F452\slcd.asm
         SLCD_Delay8_Loop   0x0001f4    program     static C:\Users\Stephen\Documents\SW Projects\TinyRTX PIC18F452\slcd.asm
             SLCD_Delay16   0x0001fa    program     static C:\Users\Stephen\Documents\SW Projects\TinyRTX PIC18F452\slcd.asm
        SLCD_Delay16_Loop   0x000200    program     static C:\Users\Stephen\Documents\SW Projects\TinyRTX PIC18F452\slcd.asm
                SLCD_Init   0x00020a    program     extern C:\Users\Stephen\Documents\SW Projects\TinyRTX PIC18F452\slcd.asm
        SLCD_RefreshLine1   0x00027a    program     extern C:\Users\Stephen\Documents\SW Projects\TinyRTX PIC18F452\slcd.asm
        SLCD_RefreshLoop1   0x000290    program     static C:\Users\Stephen\Documents\SW Projects\TinyRTX PIC18F452\slcd.asm
        SLCD_RefreshLine2   0x00029e    program     extern C:\Users\Stephen\Documents\SW Projects\TinyRTX PIC18F452\slcd.asm
        SLCD_RefreshLoop2   0x0002b4    program     static C:\Users\Stephen\Documents\SW Projects\TinyRTX PIC18F452\slcd.asm
       SI2C_SlaveAckError   0x0002c2    program     static C:\Users\Stephen\Documents\SW Projects\TinyRTX PIC18F452\si2c.asm
         SI2C_StartEnable   0x0002d2    program     static C:\Users\Stephen\Documents\SW Projects\TinyRTX PIC18F452\si2c.asm
       SI2C_RestartEnable   0x0002e6    program     static C:\Users\Stephen\Documents\SW Projects\TinyRTX PIC18F452\si2c.asm
 SI2C_RestartEnable_AckOK   0x0002fa    program     static C:\Users\Stephen\Documents\SW Projects\TinyRTX PIC18F452\si2c.asm
       SI2C_ReceiveEnable   0x000306    program     static C:\Users\Stephen\Documents\SW Projects\TinyRTX PIC18F452\si2c.asm
 SI2C_ReceiveEnable_AckOK   0x00031a    program     static C:\Users\Stephen\Documents\SW Projects\TinyRTX PIC18F452\si2c.asm
          SI2C_StopEnable   0x000326    program     static C:\Users\Stephen\Documents\SW Projects\TinyRTX PIC18F452\si2c.asm
    SI2C_StopEnable_AckOK   0x00033a    program     static C:\Users\Stephen\Documents\SW Projects\TinyRTX PIC18F452\si2c.asm
             SI2C_MsgDone   0x000346    program     static C:\Users\Stephen\Documents\SW Projects\TinyRTX PIC18F452\si2c.asm
       SI2C_SendWriteAddr   0x000352    program     static C:\Users\Stephen\Documents\SW Projects\TinyRTX PIC18F452\si2c.asm
        SI2C_SendReadAddr   0x00036a    program     static C:\Users\Stephen\Documents\SW Projects\TinyRTX PIC18F452\si2c.asm
           SI2C_WriteData   0x000382    program     static C:\Users\Stephen\Documents\SW Projects\TinyRTX PIC18F452\si2c.asm
     SI2C_WriteData_AckOK   0x000396    program     static C:\Users\Stephen\Documents\SW Projects\TinyRTX PIC18F452\si2c.asm
  SI2C_WriteData_SendByte   0x0003b2    program     static C:\Users\Stephen\Documents\SW Projects\TinyRTX PIC18F452\si2c.asm
            SI2C_ReadData   0x0003b8    program     static C:\Users\Stephen\Documents\SW Projects\TinyRTX PIC18F452\si2c.asm
   SI2C_ReadData_SendNack   0x0003d6    program     static C:\Users\Stephen\Documents\SW Projects\TinyRTX PIC18F452\si2c.asm
    SI2C_ReadData_SendAck   0x0003dc    program     static C:\Users\Stephen\Documents\SW Projects\TinyRTX PIC18F452\si2c.asm
       SI2C_ReadData_Exit   0x0003e0    program     static C:\Users\Stephen\Documents\SW Projects\TinyRTX PIC18F452\si2c.asm
         SI2C_AckNackDone   0x0003e4    program     static C:\Users\Stephen\Documents\SW Projects\TinyRTX PIC18F452\si2c.asm
SI2C_AckNackDone_ReceiveEnable   0x0003f2    program     static C:\Users\Stephen\Documents\SW Projects\TinyRTX PIC18F452\si2c.asm
           SI2C_Msg_Write   0x0003fa    program     extern C:\Users\Stephen\Documents\SW Projects\TinyRTX PIC18F452\si2c.asm
          SI2C_Msg_Wrt_Rd   0x000406    program     extern C:\Users\Stephen\Documents\SW Projects\TinyRTX PIC18F452\si2c.asm
          SUSR_POR_PhaseA   0x000412    program     extern C:\Users\Stephen\Documents\SW Projects\TinyRTX PIC18F452\susr.asm
          SUSR_POR_PhaseB   0x000416    program     extern C:\Users\Stephen\Documents\SW Projects\TinyRTX PIC18F452\susr.asm
            SUSR_Timebase   0x00042c    program     extern C:\Users\Stephen\Documents\SW Projects\TinyRTX PIC18F452\susr.asm
               SUSR_Task1   0x000444    program     extern C:\Users\Stephen\Documents\SW Projects\TinyRTX PIC18F452\susr.asm
               SUSR_Task2   0x00045c    program     extern C:\Users\Stephen\Documents\SW Projects\TinyRTX PIC18F452\susr.asm
               SUSR_Task3   0x000478    program     extern C:\Users\Stephen\Documents\SW Projects\TinyRTX PIC18F452\susr.asm
             SUSR_TaskADC   0x000490    program     extern C:\Users\Stephen\Documents\SW Projects\TinyRTX PIC18F452\susr.asm
             SUSR_TaskI2C   0x0004aa    program     extern C:\Users\Stephen\Documents\SW Projects\TinyRTX PIC18F452\susr.asm
     SUSR_TaskI2C_MsgDone   0x0004bc    program     extern C:\Users\Stephen\Documents\SW Projects\TinyRTX PIC18F452\susr.asm
                STRC_Init   0x0004c0    program     extern C:\Users\Stephen\Documents\SW Projects\TinyRTX PIC18F452\strc.asm
            STRC_InitLoop   0x0004d2    program     static C:\Users\Stephen\Documents\SW Projects\TinyRTX PIC18F452\strc.asm
               STRC_Trace   0x0004dc    program     extern C:\Users\Stephen\Documents\SW Projects\TinyRTX PIC18F452\strc.asm
           STRC_TraceFull   0x0004f0    program     static C:\Users\Stephen\Documents\SW Projects\TinyRTX PIC18F452\strc.asm
           STRC_TraceExit   0x0004f6    program     static C:\Users\Stephen\Documents\SW Projects\TinyRTX PIC18F452\strc.asm
         SI2C_Tbl_HwState   0x000700    program     extern C:\Users\Stephen\Documents\SW Projects\TinyRTX PIC18F452\si2c.asm
         ULCD_TableLookup   0x000800    program     static C:\Users\Stephen\Documents\SW Projects\TinyRTX PIC18F452\ulcd.asm
               ULCD_Table   0x00081a    program     static C:\Users\Stephen\Documents\SW Projects\TinyRTX PIC18F452\ulcd.asm
        UI2C_Tbl_MsgState   0x00087a    program     static C:\Users\Stephen\Documents\SW Projects\TinyRTX PIC18F452\ui2c.asm
              SM16_16x16U   0x00088c    program     extern C:\Users\Stephen\Documents\SW Projects\TinyRTX PIC18F452\sm16.asm
                ULCD_Init   0x000900    program     extern C:\Users\Stephen\Documents\SW Projects\TinyRTX PIC18F452\ulcd.asm
        ULCD_RefreshLine1   0x000908    program     extern C:\Users\Stephen\Documents\SW Projects\TinyRTX PIC18F452\ulcd.asm
    ULCD_RefreshLine1Loop   0x00091a    program     static C:\Users\Stephen\Documents\SW Projects\TinyRTX PIC18F452\ulcd.asm
    ULCD_RefreshLine1Exit   0x000932    program     static C:\Users\Stephen\Documents\SW Projects\TinyRTX PIC18F452\ulcd.asm
        ULCD_RefreshLine2   0x000934    program     extern C:\Users\Stephen\Documents\SW Projects\TinyRTX PIC18F452\ulcd.asm
                UI2C_Init   0x00097a    program     extern C:\Users\Stephen\Documents\SW Projects\TinyRTX PIC18F452\ui2c.asm
             UI2C_MsgDone   0x00098e    program     extern C:\Users\Stephen\Documents\SW Projects\TinyRTX PIC18F452\ui2c.asm
             UI2C_MsgTC74   0x000994    program     extern C:\Users\Stephen\Documents\SW Projects\TinyRTX PIC18F452\ui2c.asm
   UI2C_MsgTC74ReadStatus   0x0009a2    program     static C:\Users\Stephen\Documents\SW Projects\TinyRTX PIC18F452\ui2c.asm
  UI2C_MsgTC74CheckStatus   0x0009b2    program     static C:\Users\Stephen\Documents\SW Projects\TinyRTX PIC18F452\ui2c.asm
UI2C_MsgTC74CheckStatusFailed   0x0009bc    program     static C:\Users\Stephen\Documents\SW Projects\TinyRTX PIC18F452\ui2c.asm
UI2C_MsgTC74CheckStatusPassed   0x0009c2    program     static C:\Users\Stephen\Documents\SW Projects\TinyRTX PIC18F452\ui2c.asm
UI2C_MsgTC74CheckStatusExit   0x0009c6    program     static C:\Users\Stephen\Documents\SW Projects\TinyRTX PIC18F452\ui2c.asm
     UI2C_MsgTC74ReadData   0x0009c8    program     static C:\Users\Stephen\Documents\SW Projects\TinyRTX PIC18F452\ui2c.asm
  UI2C_MsgTC74ProcessData   0x0009d8    program     static C:\Users\Stephen\Documents\SW Projects\TinyRTX PIC18F452\ui2c.asm
                UADC_Init   0x000a08    program     extern C:\Users\Stephen\Documents\SW Projects\TinyRTX PIC18F452\uadc.asm
             UADC_Trigger   0x000a1a    program     extern C:\Users\Stephen\Documents\SW Projects\TinyRTX PIC18F452\uadc.asm
     UADC_SetupDelay_Loop   0x000a20    program     static C:\Users\Stephen\Documents\SW Projects\TinyRTX PIC18F452\uadc.asm
          UADC_RawToASCII   0x000a2e    program     extern C:\Users\Stephen\Documents\SW Projects\TinyRTX PIC18F452\uadc.asm
            UAPP_POR_Init   0x000a92    program     extern C:\Users\Stephen\Documents\SW Projects\TinyRTX PIC18F452\uapp.asm
                 e2bcd16u   0x001000    program     extern C:\Users\Stephen\Documents\SW Projects\TinyRTX PIC18F452\sbcd.asm
      e2bcd16u_Digit5Loop   0x001010    program     static C:\Users\Stephen\Documents\SW Projects\TinyRTX PIC18F452\sbcd.asm
      e2bcd16u_Digit5Done   0x001024    program     static C:\Users\Stephen\Documents\SW Projects\TinyRTX PIC18F452\sbcd.asm
      e2bcd16u_Digit4Loop   0x001038    program     static C:\Users\Stephen\Documents\SW Projects\TinyRTX PIC18F452\sbcd.asm
      e2bcd16u_Digit4Done   0x00104c    program     static C:\Users\Stephen\Documents\SW Projects\TinyRTX PIC18F452\sbcd.asm
      e2bcd16u_Digit3Loop   0x001062    program     static C:\Users\Stephen\Documents\SW Projects\TinyRTX PIC18F452\sbcd.asm
      e2bcd16u_Digit3Done   0x001076    program     static C:\Users\Stephen\Documents\SW Projects\TinyRTX PIC18F452\sbcd.asm
      e2bcd16u_Digit2Loop   0x001086    program     static C:\Users\Stephen\Documents\SW Projects\TinyRTX PIC18F452\sbcd.asm
      e2bcd16u_Digit2Done   0x001092    program     static C:\Users\Stephen\Documents\SW Projects\TinyRTX PIC18F452\sbcd.asm
                  e2bcd8u   0x00109e    program     extern C:\Users\Stephen\Documents\SW Projects\TinyRTX PIC18F452\sbcd.asm
       e2bcd8u_Digit3Loop   0x0010a6    program     static C:\Users\Stephen\Documents\SW Projects\TinyRTX PIC18F452\sbcd.asm
       e2bcd8u_Digit3Done   0x0010b0    program     static C:\Users\Stephen\Documents\SW Projects\TinyRTX PIC18F452\sbcd.asm
       e2bcd8u_Digit2Loop   0x0010b4    program     static C:\Users\Stephen\Documents\SW Projects\TinyRTX PIC18F452\sbcd.asm
       e2bcd8u_Digit2Done   0x0010be    program     static C:\Users\Stephen\Documents\SW Projects\TinyRTX PIC18F452\sbcd.asm
                 bcd2a5p3   0x0010c8    program     extern C:\Users\Stephen\Documents\SW Projects\TinyRTX PIC18F452\sbcd.asm
                 bcd2a3p0   0x0010f6    program     extern C:\Users\Stephen\Documents\SW Projects\TinyRTX PIC18F452\sbcd.asm
               SISD_TempW   0x000000       data     static C:\Users\Stephen\Documents\SW Projects\TinyRTX PIC18F452\sisd.asm
          SISD_TempSTATUS   0x000001       data     static C:\Users\Stephen\Documents\SW Projects\TinyRTX PIC18F452\sisd.asm
          SISD_TempPCLATH   0x000002       data     static C:\Users\Stephen\Documents\SW Projects\TinyRTX PIC18F452\sisd.asm
          SISD_TempPCLATU   0x000003       data     static C:\Users\Stephen\Documents\SW Projects\TinyRTX PIC18F452\sisd.asm
           SISD_TempFSR0H   0x000004       data     static C:\Users\Stephen\Documents\SW Projects\TinyRTX PIC18F452\sisd.asm
           SISD_TempFSR0L   0x000005       data     static C:\Users\Stephen\Documents\SW Projects\TinyRTX PIC18F452\sisd.asm
     SRTX_Timer_Cnt_Task1   0x000080       data     static C:\Users\Stephen\Documents\SW Projects\TinyRTX PIC18F452\srtx.asm
     SRTX_Timer_Cnt_Task2   0x000081       data     static C:\Users\Stephen\Documents\SW Projects\TinyRTX PIC18F452\srtx.asm
     SRTX_Timer_Cnt_Task3   0x000082       data     static C:\Users\Stephen\Documents\SW Projects\TinyRTX PIC18F452\srtx.asm
     SRTX_Sched_Cnt_Task1   0x000083       data     static C:\Users\Stephen\Documents\SW Projects\TinyRTX PIC18F452\srtx.asm
     SRTX_Sched_Cnt_Task2   0x000084       data     static C:\Users\Stephen\Documents\SW Projects\TinyRTX PIC18F452\srtx.asm
     SRTX_Sched_Cnt_Task3   0x000085       data     static C:\Users\Stephen\Documents\SW Projects\TinyRTX PIC18F452\srtx.asm
   SRTX_Sched_Cnt_TaskADC   0x000086       data     extern C:\Users\Stephen\Documents\SW Projects\TinyRTX PIC18F452\srtx.asm
   SRTX_Sched_Cnt_TaskI2C   0x000087       data     extern C:\Users\Stephen\Documents\SW Projects\TinyRTX PIC18F452\srtx.asm
          SRTX_TempRotate   0x000088       data     static C:\Users\Stephen\Documents\SW Projects\TinyRTX PIC18F452\srtx.asm
                SUSR_Temp   0x000089       data     static C:\Users\Stephen\Documents\SW Projects\TinyRTX PIC18F452\susr.asm
         SLCD_BufferLine1   0x00008a       data     extern C:\Users\Stephen\Documents\SW Projects\TinyRTX PIC18F452\slcd.asm
         SLCD_BufferLine2   0x00009a       data     extern C:\Users\Stephen\Documents\SW Projects\TinyRTX PIC18F452\slcd.asm
         SLCD_DataByteRcv   0x0000aa       data     static C:\Users\Stephen\Documents\SW Projects\TinyRTX PIC18F452\slcd.asm
        SLCD_DataByteXmit   0x0000ab       data     static C:\Users\Stephen\Documents\SW Projects\TinyRTX PIC18F452\slcd.asm
         SLCD_DataXmitCnt   0x0000ac       data     static C:\Users\Stephen\Documents\SW Projects\TinyRTX PIC18F452\slcd.asm
         SLCD_DelayCnt8Hi   0x0000ad       data     static C:\Users\Stephen\Documents\SW Projects\TinyRTX PIC18F452\slcd.asm
         SLCD_DelayCnt8Lo   0x0000ae       data     static C:\Users\Stephen\Documents\SW Projects\TinyRTX PIC18F452\slcd.asm
            SLCD_IctlFlag   0x0000af       data     static C:\Users\Stephen\Documents\SW Projects\TinyRTX PIC18F452\slcd.asm
             SI2C_HwState   0x0000b0       data     static C:\Users\Stephen\Documents\SW Projects\TinyRTX PIC18F452\si2c.asm
        SI2C_HwStateError   0x0000b1       data     static C:\Users\Stephen\Documents\SW Projects\TinyRTX PIC18F452\si2c.asm
               SI2C_Flags   0x0000b2       data     extern C:\Users\Stephen\Documents\SW Projects\TinyRTX PIC18F452\si2c.asm
           SI2C_AddrSlave   0x0000b3       data     extern C:\Users\Stephen\Documents\SW Projects\TinyRTX PIC18F452\si2c.asm
          SI2C_DataCntXmt   0x0000b4       data     extern C:\Users\Stephen\Documents\SW Projects\TinyRTX PIC18F452\si2c.asm
         SI2C_DataPtrXmtH   0x0000b5       data     static C:\Users\Stephen\Documents\SW Projects\TinyRTX PIC18F452\si2c.asm
         SI2C_DataPtrXmtL   0x0000b6       data     static C:\Users\Stephen\Documents\SW Projects\TinyRTX PIC18F452\si2c.asm
       SI2C_DataByteXmt00   0x0000b7       data     extern C:\Users\Stephen\Documents\SW Projects\TinyRTX PIC18F452\si2c.asm
       SI2C_DataByteXmt01   0x0000b8       data     extern C:\Users\Stephen\Documents\SW Projects\TinyRTX PIC18F452\si2c.asm
       SI2C_DataByteXmt02   0x0000b9       data     extern C:\Users\Stephen\Documents\SW Projects\TinyRTX PIC18F452\si2c.asm
       SI2C_DataByteXmt03   0x0000ba       data     extern C:\Users\Stephen\Documents\SW Projects\TinyRTX PIC18F452\si2c.asm
          SI2C_DataCntRcv   0x0000bb       data     extern C:\Users\Stephen\Documents\SW Projects\TinyRTX PIC18F452\si2c.asm
         SI2C_DataPtrRcvH   0x0000bc       data     static C:\Users\Stephen\Documents\SW Projects\TinyRTX PIC18F452\si2c.asm
         SI2C_DataPtrRcvL   0x0000bd       data     static C:\Users\Stephen\Documents\SW Projects\TinyRTX PIC18F452\si2c.asm
       SI2C_DataByteRcv00   0x0000be       data     extern C:\Users\Stephen\Documents\SW Projects\TinyRTX PIC18F452\si2c.asm
       SI2C_DataByteRcv01   0x0000bf       data     extern C:\Users\Stephen\Documents\SW Projects\TinyRTX PIC18F452\si2c.asm
       SI2C_DataByteRcv02   0x0000c0       data     extern C:\Users\Stephen\Documents\SW Projects\TinyRTX PIC18F452\si2c.asm
       SI2C_DataByteRcv03   0x0000c1       data     extern C:\Users\Stephen\Documents\SW Projects\TinyRTX PIC18F452\si2c.asm
                UAPP_Temp   0x000100       data     static C:\Users\Stephen\Documents\SW Projects\TinyRTX PIC18F452\uapp.asm
          UADC_DelayTimer   0x000101       data     static C:\Users\Stephen\Documents\SW Projects\TinyRTX PIC18F452\uadc.asm
             UADC_Channel   0x000102       data     static C:\Users\Stephen\Documents\SW Projects\TinyRTX PIC18F452\uadc.asm
         UADC_ADCON0_Temp   0x000103       data     static C:\Users\Stephen\Documents\SW Projects\TinyRTX PIC18F452\uadc.asm
         UADC_ResultRawHi   0x000104       data     static C:\Users\Stephen\Documents\SW Projects\TinyRTX PIC18F452\uadc.asm
         UADC_ResultRawLo   0x000105       data     static C:\Users\Stephen\Documents\SW Projects\TinyRTX PIC18F452\uadc.asm
      UADC_ResultScaledHi   0x000106       data     static C:\Users\Stephen\Documents\SW Projects\TinyRTX PIC18F452\uadc.asm
      UADC_ResultScaledLo   0x000107       data     static C:\Users\Stephen\Documents\SW Projects\TinyRTX PIC18F452\uadc.asm
         ULCD_DataXferCnt   0x000108       data     static C:\Users\Stephen\Documents\SW Projects\TinyRTX PIC18F452\ulcd.asm
         ULCD_PositionIdx   0x000109       data     static C:\Users\Stephen\Documents\SW Projects\TinyRTX PIC18F452\ulcd.asm
          ULCD_VoltAscii0   0x00010a       data     extern C:\Users\Stephen\Documents\SW Projects\TinyRTX PIC18F452\ulcd.asm
          ULCD_VoltAscii1   0x00010b       data     static C:\Users\Stephen\Documents\SW Projects\TinyRTX PIC18F452\ulcd.asm
          ULCD_VoltAscii2   0x00010c       data     static C:\Users\Stephen\Documents\SW Projects\TinyRTX PIC18F452\ulcd.asm
          ULCD_VoltAscii3   0x00010d       data     static C:\Users\Stephen\Documents\SW Projects\TinyRTX PIC18F452\ulcd.asm
          ULCD_VoltAscii4   0x00010e       data     static C:\Users\Stephen\Documents\SW Projects\TinyRTX PIC18F452\ulcd.asm
          ULCD_TempAscii0   0x00010f       data     extern C:\Users\Stephen\Documents\SW Projects\TinyRTX PIC18F452\ulcd.asm
          ULCD_TempAscii1   0x000110       data     static C:\Users\Stephen\Documents\SW Projects\TinyRTX PIC18F452\ulcd.asm
          ULCD_TempAscii2   0x000111       data     static C:\Users\Stephen\Documents\SW Projects\TinyRTX PIC18F452\ulcd.asm
            UI2C_MsgState   0x000112       data     extern C:\Users\Stephen\Documents\SW Projects\TinyRTX PIC18F452\ui2c.asm
            UI2C_TC74Data   0x000113       data     static C:\Users\Stephen\Documents\SW Projects\TinyRTX PIC18F452\ui2c.asm
                   AARGB7   0x000200       data     extern C:\Users\Stephen\Documents\SW Projects\TinyRTX PIC18F452\sm16.asm
                   AARGB6   0x000201       data     extern C:\Users\Stephen\Documents\SW Projects\TinyRTX PIC18F452\sm16.asm
                   AARGB5   0x000202       data     extern C:\Users\Stephen\Documents\SW Projects\TinyRTX PIC18F452\sm16.asm
                   AARGB4   0x000203       data     extern C:\Users\Stephen\Documents\SW Projects\TinyRTX PIC18F452\sm16.asm
                   AARGB3   0x000204       data     extern C:\Users\Stephen\Documents\SW Projects\TinyRTX PIC18F452\sm16.asm
                   AARGB2   0x000205       data     extern C:\Users\Stephen\Documents\SW Projects\TinyRTX PIC18F452\sm16.asm
                   AARGB1   0x000206       data     extern C:\Users\Stephen\Documents\SW Projects\TinyRTX PIC18F452\sm16.asm
                   AARGB0   0x000207       data     extern C:\Users\Stephen\Documents\SW Projects\TinyRTX PIC18F452\sm16.asm
                     AARG   0x000208       data     extern C:\Users\Stephen\Documents\SW Projects\TinyRTX PIC18F452\sm16.asm
                   BARGB3   0x000209       data     extern C:\Users\Stephen\Documents\SW Projects\TinyRTX PIC18F452\sm16.asm
                   BARGB2   0x00020a       data     extern C:\Users\Stephen\Documents\SW Projects\TinyRTX PIC18F452\sm16.asm
                   BARGB1   0x00020b       data     extern C:\Users\Stephen\Documents\SW Projects\TinyRTX PIC18F452\sm16.asm
                   BARGB0   0x00020c       data     extern C:\Users\Stephen\Documents\SW Projects\TinyRTX PIC18F452\sm16.asm
                     BARG   0x00020d       data     extern C:\Users\Stephen\Documents\SW Projects\TinyRTX PIC18F452\sm16.asm
                   TEMPB3   0x00020e       data     extern C:\Users\Stephen\Documents\SW Projects\TinyRTX PIC18F452\sm16.asm
                   TEMPB2   0x00020f       data     extern C:\Users\Stephen\Documents\SW Projects\TinyRTX PIC18F452\sm16.asm
                   TEMPB1   0x000210       data     extern C:\Users\Stephen\Documents\SW Projects\TinyRTX PIC18F452\sm16.asm
                   TEMPB0   0x000211       data     extern C:\Users\Stephen\Documents\SW Projects\TinyRTX PIC18F452\sm16.asm
                     TEMP   0x000212       data     extern C:\Users\Stephen\Documents\SW Projects\TinyRTX PIC18F452\sm16.asm
              STRC_Buffer   0x000300       data     static C:\Users\Stephen\Documents\SW Projects\TinyRTX PIC18F452\strc.asm
                 STRC_Idx   0x000380       data     static C:\Users\Stephen\Documents\SW Projects\TinyRTX PIC18F452\strc.asm
                STRC_PtrH   0x000381       data     static C:\Users\Stephen\Documents\SW Projects\TinyRTX PIC18F452\strc.asm
                STRC_PtrL   0x000382       data     static C:\Users\Stephen\Documents\SW Projects\TinyRTX PIC18F452\strc.asm


